Microchip MPLAB XC8 Compiler V2.31

Linker command line:

-W-3 --edf=C:\Program Files\Microchip\xc8\v2.31\pic\dat\en_msgs.txt -cn \
  -h+dist/default/production\Proyecto_1_.X.production.sym \
  --cmf=dist/default/production\Proyecto_1_.X.production.cmf -z -Q16F887 \
  -oC:\Users\Pavilion\AppData\Local\Temp\sj4g.2 --defsym=__MPLAB_BUILD=1 \
  -Mdist/default/production/Proyecto_1_.X.production.map -E1 \
  -ver=XC8 Compiler --acfsm=1493 -ASTACK=0110h-016Fh -pstack=STACK \
  -ACODE=00h-07FFhx4 -ASTRCODE=00h-01FFFh -ASTRING=00h-0FFhx32 \
  -ACONST=00h-0FFhx32 -AENTRY=00h-0FFhx32 -ACOMMON=070h-07Fh \
  -ABANK0=020h-06Fh -ABANK1=0A0h-0EFh -ABANK2=0110h-016Fh \
  -ABANK3=0190h-01EFh -ARAM=020h-06Fh,0A0h-0EFh,0110h-016Fh,0190h-01EFh \
  -AABS1=020h-07Fh,0A0h-0EFh,0110h-016Fh,0190h-01EFh -ASFR0=00h-01Fh \
  -ASFR1=080h-09Fh -ASFR2=0100h-010Fh -ASFR3=0180h-018Fh \
  -ACONFIG=02007h-02008h -DCONFIG=2 -AIDLOC=02000h-02003h -DIDLOC=2 \
  -AEEDATA=00h-0FFh/02100h -peeprom_data=EEDATA -DEEDATA=2 -DCODE=2 \
  -DSTRCODE=2 -DSTRING=2 -DCONST=2 -DENTRY=2 \
  -preset_vec=00h,intentry=04h,init,end_init -ppowerup=CODE -pcinit=CODE \
  -pfunctab=ENTRY -k C:\Users\Pavilion\AppData\Local\Temp\sj4g.o \
  dist/default/production\Proyecto_1_.X.production.o 

Object code version is 3.11

Machine type is 16F887



                Name                               Link     Load   Length Selector   Space Scale
C:\Users\Pavilion\AppData\Local\Temp\sj4g.o
                end_init                              C        C        3        8       0
                reset_vec                             0        0        3        0       0
                config                             2007     2007        2        0       4
dist/default/production\Proyecto_1_.X.production.o
                cinit                                 F        F       1D        8       0
                intentry                              4        4        8        8       0
                config                             2007     2007        2        0       4
                text26                              BA9      BA9       16     1752       0
                text25                              C03      C03       1D     1806       0
                text24                              C69      C69       2D     18D2       0
                text23                              B2B      B2B        4     1656       0
                text22                              B53      B53        C     16A6       0
                text21                              F1D      F1D       69     1E3A       0
                text20                              D92      D92       5B     1B24       0
                text19                              B7F      B7F       15     16FE       0
                text18                              C3E      C3E       2B     187C       0
                text17                              B5F      B5F        D     16BE       0
                text16                              C96      C96       30     192C       0
                text15                              B37      B37        9     166E       0
                text14                              B40      B40        9     1680       0
                text13                              B49      B49        A     1692       0
                text12                              DED      DED       64     1BDA       0
                text11                              BBF      BBF       16     177E       0
                text10                              EB5      EB5       68     1D6A       0
                text9                               CC6      CC6       3A     198C       0
                text8                               BEB      BEB       18     17D6       0
                text7                               F86      F86       7A     1F0C       0
                text6                               B94      B94       15     1728       0
                text5                               75D      75D       A0        8       0
                text4                               E51      E51       64     1CA2       0
                text3                               BD5      BD5       16     17AA       0
                text2                               D00      D00       48     1A00       0
                text1                               D48      D48       4A     1A90       0
                maintext                             2C       2C      731        8       0
                cstackBANK0                          45       45       21       20       1
                cstackCOMMON                         70       70        8       70       1
                clrtext                             B2F      B2F        8     165E       0
                inittext                            B6C      B6C       13     16D8       0
                dataBANK1                            A0       A0       1E       A0       1
                bssBANK0                             20       20       25       20       1
                bssCOMMON                            78       78        3       70       1
                strings                             800      800       2C     1000       0
                idataBANK1                          C20      C20       1E     1840       0

TOTAL           Name                               Link     Load   Length     Space
        CLASS   STACK          

        CLASS   CODE           
                end_init                              C        C        3         0
                cinit                                 F        F       1D         0
                intentry                              4        4        8         0
                reset_vec                             0        0        3         0
                text26                              BA9      BA9       16         0
                text25                              C03      C03       1D         0
                text24                              C69      C69       2D         0
                text23                              B2B      B2B        4         0
                text22                              B53      B53        C         0
                text21                              F1D      F1D       69         0
                text20                              D92      D92       5B         0
                text19                              B7F      B7F       15         0
                text18                              C3E      C3E       2B         0
                text17                              B5F      B5F        D         0
                text16                              C96      C96       30         0
                text15                              B37      B37        9         0
                text14                              B40      B40        9         0
                text13                              B49      B49        A         0
                text12                              DED      DED       64         0
                text11                              BBF      BBF       16         0
                text10                              EB5      EB5       68         0
                text9                               CC6      CC6       3A         0
                text8                               BEB      BEB       18         0
                text7                               F86      F86       7A         0
                text6                               B94      B94       15         0
                text5                               75D      75D       A0         0
                text4                               E51      E51       64         0
                text3                               BD5      BD5       16         0
                text2                               D00      D00       48         0
                text1                               D48      D48       4A         0
                maintext                             2C       2C      731         0
                clrtext                             B2F      B2F        8         0
                inittext                            B6C      B6C       13         0
                idataBANK1                          C20      C20       1E         0

        CLASS   STRCODE        

        CLASS   STRING         
                strings                             800      800       2C         0

        CLASS   CONST          

        CLASS   ENTRY          

        CLASS   COMMON         
                cstackCOMMON                         70       70        8         1
                bssCOMMON                            78       78        3         1

        CLASS   BANK0          
                cstackBANK0                          45       45       21         1
                bssBANK0                             20       20       25         1

        CLASS   BANK1          
                dataBANK1                            A0       A0       1E         1

        CLASS   BANK2          

        CLASS   BANK3          

        CLASS   RAM            

        CLASS   ABS1           
                abs_s1                               7E       7E        2         1

        CLASS   SFR0           

        CLASS   SFR1           

        CLASS   SFR2           

        CLASS   SFR3           

        CLASS   CONFIG         
                config                             2007     2007        2         4

        CLASS   IDLOC          

        CLASS   EEDATA         



SEGMENTS        Name                           Load    Length   Top    Selector   Space  Class     Delta

                reset_vec                      000000  000003  000003         0       0  CODE        2
                intentry                       000004  0007F9  0007FD         8       0  CODE        2
                bssBANK0                       000020  000046  000066        20       1  BANK0       1
                cstackCOMMON                   000070  00000B  00007B        70       1  COMMON      1
                dataBANK1                      0000A0  00001E  0000BE        A0       1  BANK1       1
                strings                        000800  00002C  00082C      1000       0  STRING      2
                text23                         000B2B  000004  000B2F      1656       0  CODE        2
                clrtext                        000B2F  000008  000B37      165E       0  CODE        2
                text15                         000B37  000009  000B40      166E       0  CODE        2
                text14                         000B40  000009  000B49      1680       0  CODE        2
                text13                         000B49  00000A  000B53      1692       0  CODE        2
                text22                         000B53  00000C  000B5F      16A6       0  CODE        2
                text17                         000B5F  00000D  000B6C      16BE       0  CODE        2
                inittext                       000B6C  000013  000B7F      16D8       0  CODE        2
                text19                         000B7F  000015  000B94      16FE       0  CODE        2
                text6                          000B94  000015  000BA9      1728       0  CODE        2
                text26                         000BA9  000016  000BBF      1752       0  CODE        2
                text11                         000BBF  000016  000BD5      177E       0  CODE        2
                text3                          000BD5  000016  000BEB      17AA       0  CODE        2
                text8                          000BEB  000018  000C03      17D6       0  CODE        2
                text25                         000C03  00001D  000C20      1806       0  CODE        2
                idataBANK1                     000C20  00001E  000C3E      1840       0  CODE        2
                text18                         000C3E  00002B  000C69      187C       0  CODE        2
                text24                         000C69  00002D  000C96      18D2       0  CODE        2
                text16                         000C96  000030  000CC6      192C       0  CODE        2
                text9                          000CC6  00003A  000D00      198C       0  CODE        2
                text2                          000D00  000048  000D48      1A00       0  CODE        2
                text1                          000D48  00004A  000D92      1A90       0  CODE        2
                text20                         000D92  00005B  000DED      1B24       0  CODE        2
                text12                         000DED  000064  000E51      1BDA       0  CODE        2
                text4                          000E51  000064  000EB5      1CA2       0  CODE        2
                text10                         000EB5  000068  000F1D      1D6A       0  CODE        2
                text21                         000F1D  000069  000F86      1E3A       0  CODE        2
                text7                          000F86  00007A  001000      1F0C       0  CODE        2


UNUSED ADDRESS RANGES

        Name                Unused          Largest block    Delta
        BANK0            0066-006F              A           1
        BANK1            00BE-00EF             32           1
        BANK2            0110-016F             60           1
        BANK3            0190-01EF             60           1
        CODE             0003-0003              1           2
                         07FD-07FF              3
                         082C-0B2A            2FF
                         1000-1FFF            800
        COMMON           007B-007D              3           1
        CONST            0003-0003              1           2
                         07FD-07FF              3
                         082C-0B2A            100
                         1000-1FFF            100
        EEDATA           2100-21FF            100           2
        ENTRY            0003-0003              1           2
                         07FD-07FF              3
                         082C-0B2A            100
                         1000-1FFF            100
        IDLOC            2000-2003              4           2
        RAM              0066-006F              A           1
                         00BE-00EF             32
                         0110-016F             60
                         0190-01EF             60
        SFR0             0000-001F             20           1
        SFR1             0080-009F             20           1
        SFR2             0100-010F             10           1
        SFR3             0180-018F             10           1
        STACK            0110-016F             60           1
        STRCODE          0003-0003              1           2
                         07FD-07FF              3
                         082C-0B2A            2FF
                         1000-1FFF           1000
        STRING           0003-0003              1           2
                         07FD-07FF              3
                         082C-0B2A            100
                         1000-1FFF            100

                                  Symbol Table

?_I2C_Master_Read          cstackCOMMON 0073
?___awdiv                  cstackBANK0  0047
?___awmod                  cstackCOMMON 0073
?___lldiv                  cstackBANK0  0045
?___wmul                   cstackCOMMON 0073
?_read_rtc                 cstackBANK0  0047
I2C_Master_Init@c          cstackBANK0  0052
I2C_Master_Read@a          cstackCOMMON 0073
I2C_Master_Read@temp       cstackBANK0  0045
I2C_Master_Write@d         cstackCOMMON 0073
LCD_Cadena@dato            cstackCOMMON 0075
LCD_Data@data              cstackCOMMON 0074
LCD_XY@x                   cstackCOMMON 0076
LCD_XY@y                   cstackCOMMON 0075
LCD_comando@dato           cstackCOMMON 0074
USART_Tx@data              cstackCOMMON 0073
_ADCON0bits                (abs)        001F
_ADCON1bits                (abs)        009F
_ADC_Int                   text11       0BBF
_ADRESH                    (abs)        001E
_ANSEL                     (abs)        0188
_ANSELH                    (abs)        0189
_BAUDCTLbits               (abs)        0187
_CCP1CONbits               (abs)        0017
_CCPR1L                    (abs)        0015
_GIE                       (abs)        005F
_I2C_Master_Init           text9        0CC6
_I2C_Master_Read           text16       0C96
_I2C_Master_Start          text15       0B37
_I2C_Master_Stop           text14       0B40
_I2C_Master_Wait           text17       0B5F
_I2C_Master_Write          text13       0B49
_INTCONbits                (abs)        000B
_IOCBbits                  (abs)        0096
_LCD_Cadena                text24       0C69
_LCD_Data                  text25       0C03
_LCD_Init                  text7        0F86
_LCD_XY                    text3        0BD5
_LCD_comando               text8        0BEB
_OPTION_REGbits            (abs)        0081
_OSCCONbits                (abs)        008F
_PEIE                      (abs)        005E
_PIR1bits                  (abs)        000C
_PORTA                     (abs)        0005
_PORTB                     (abs)        0006
_PORTC                     (abs)        0007
_PORTD                     (abs)        0008
_PORTE                     (abs)        0009
_PORTEbits                 (abs)        0009
_PR2                       (abs)        0092
_RB2                       (abs)        0032
_RBIF                      (abs)        0058
_RCREG                     (abs)        001A
_RCSTAbits                 (abs)        0018
_SPBRG                     (abs)        0099
_SPBRGH                    (abs)        009A
_SSPADD                    (abs)        0093
_SSPBUF                    (abs)        0013
_SSPCON                    (abs)        0014
_SSPCON2                   (abs)        0091
_SSPCON2bits               (abs)        0091
_SSPIE                     (abs)        0463
_SSPIF                     (abs)        0063
_SSPSTAT                   (abs)        0094
_T2CONbits                 (abs)        0012
_TRISA                     (abs)        0085
_TRISB                     (abs)        0086
_TRISC                     (abs)        0087
_TRISC3                    (abs)        043B
_TRISC4                    (abs)        043C
_TRISCbits                 (abs)        0087
_TRISD                     (abs)        0088
_TRISE                     (abs)        0089
_TRISEbits                 (abs)        0089
_TXREG                     (abs)        0019
_TXSTAbits                 (abs)        0098
_USART_Int                 text6        0B94
_USART_Rx                  text23       0B2B
_USART_Tx                  text22       0B53
_WPUBbits                  (abs)        0095
__Habs1                    abs1         0000
__Hbank0                   bank0        0000
__Hbank1                   bank1        0000
__Hbank2                   bank2        0000
__Hbank3                   bank3        0000
__HbssBANK0                bssBANK0     0000
__HbssCOMMON               bssCOMMON    0000
__Hcinit                   cinit        002C
__Hclrtext                 clrtext      0000
__Hcode                    code         0000
__Hcommon                  common       0000
__Hconfig                  config       2009
__HcstackBANK0             cstackBANK0  0000
__HcstackCOMMON            cstackCOMMON 0000
__HdataBANK1               dataBANK1    0000
__Heeprom_data             eeprom_data  0000
__Hend_init                end_init     000F
__Hfunctab                 functab      0000
__HidataBANK1              idataBANK1   0000
__Hinit                    init         000C
__Hinittext                inittext     0000
__Hintentry                intentry     000C
__Hmaintext                maintext     0000
__Hpowerup                 powerup      0000
__Hram                     ram          0000
__Hreset_vec               reset_vec    0003
__Hsfr0                    sfr0         0000
__Hsfr1                    sfr1         0000
__Hsfr2                    sfr2         0000
__Hsfr3                    sfr3         0000
__Hspace_0                 (abs)        1000
__Hspace_1                 (abs)        00BE
__Hspace_2                 (abs)        0000
__Hspace_3                 (abs)        0000
__Hspace_4                 (abs)        4010
__Hstack                   stack        0000
__Hstrings                 strings      0000
__Htext                    text         0000
__Labs1                    abs1         0000
__Lbank0                   bank0        0000
__Lbank1                   bank1        0000
__Lbank2                   bank2        0000
__Lbank3                   bank3        0000
__LbssBANK0                bssBANK0     0000
__LbssCOMMON               bssCOMMON    0000
__Lcinit                   cinit        000F
__Lclrtext                 clrtext      0000
__Lcode                    code         0000
__Lcommon                  common       0000
__Lconfig                  config       0000
__LcstackBANK0             cstackBANK0  0000
__LcstackCOMMON            cstackCOMMON 0000
__LdataBANK1               dataBANK1    0000
__Leeprom_data             eeprom_data  0000
__Lend_init                end_init     000C
__Lfunctab                 functab      0000
__LidataBANK1              idataBANK1   0000
__Linit                    init         000C
__Linittext                inittext     0000
__Lintentry                intentry     0004
__Lmaintext                maintext     0000
__Lpowerup                 powerup      0000
__Lram                     ram          0000
__Lreset_vec               reset_vec    0000
__Lsfr0                    sfr0         0000
__Lsfr1                    sfr1         0000
__Lsfr2                    sfr2         0000
__Lsfr3                    sfr3         0000
__Lspace_0                 (abs)        0000
__Lspace_1                 (abs)        0000
__Lspace_2                 (abs)        0000
__Lspace_3                 (abs)        0000
__Lspace_4                 (abs)        0000
__Lstack                   stack        0000
__Lstrings                 strings      0000
__Ltext                    text         0000
__S0                       (abs)        1000
__S1                       (abs)        00BE
__S2                       (abs)        0000
__S3                       (abs)        0000
___awdiv                   text21       0F1D
___awdiv@counter           cstackBANK0  004B
___awdiv@dividend          cstackBANK0  0049
___awdiv@divisor           cstackBANK0  0047
___awdiv@quotient          cstackBANK0  004D
___awdiv@sign              cstackBANK0  004C
___awmod                   text20       0D92
___awmod@counter           cstackBANK0  0045
___awmod@dividend          cstackCOMMON 0075
___awmod@divisor           cstackCOMMON 0073
___awmod@sign              cstackBANK0  0046
___bmul                    text19       0B7F
___bmul@multiplicand       cstackCOMMON 0073
___bmul@multiplier         cstackCOMMON 0076
___bmul@product            cstackCOMMON 0075
___int_sp                  stack        0000
___latbits                 (abs)        0002
___lldiv                   text10       0EB5
___lldiv@counter           cstackBANK0  0051
___lldiv@dividend          cstackBANK0  0049
___lldiv@divisor           cstackBANK0  0045
___lldiv@quotient          cstackBANK0  004D
___sp                      stack        0000
___stackhi                 (abs)        0000
___stacklo                 (abs)        0000
___wmul                    text18       0C3E
___wmul@multiplicand       cstackCOMMON 0075
___wmul@multiplier         cstackCOMMON 0073
___wmul@product            cstackBANK0  0045
__end_of_ADC_Int           text11       0BD5
__end_of_I2C_Master_Init   text9        0D00
__end_of_I2C_Master_Read   text16       0CC6
__end_of_I2C_Master_Start  text15       0B40
__end_of_I2C_Master_Stop   text14       0B49
__end_of_I2C_Master_Wait   text17       0B6C
__end_of_I2C_Master_Write  text13       0B53
__end_of_LCD_Cadena        text24       0C96
__end_of_LCD_Data          text25       0C20
__end_of_LCD_Init          text7        1000
__end_of_LCD_XY            text3        0BEB
__end_of_LCD_comando       text8        0C03
__end_of_USART_Int         text6        0BA9
__end_of_USART_Rx          text23       0B2F
__end_of_USART_Tx          text22       0B5F
__end_of___awdiv           text21       0F86
__end_of___awmod           text20       0DED
__end_of___bmul            text19       0B94
__end_of___lldiv           text10       0F1D
__end_of___wmul            text18       0C69
__end_of__initialization   cinit        0028
__end_of__stringtab        strings      0810
__end_of_canal             text5        07FD
__end_of_isr               text26       0BBF
__end_of_main              maintext     075D
__end_of_read_rtc          text12       0E51
__end_of_setup             text4        0EB5
__end_of_valores           text2        0D48
__end_of_valores2          text1        0D92
__initialization           cinit        000F
__pbssBANK0                bssBANK0     0020
__pbssCOMMON               bssCOMMON    0078
__pcstackBANK0             cstackBANK0  0045
__pcstackCOMMON            cstackCOMMON 0070
__pdataBANK1               dataBANK1    00A0
__pidataBANK1              idataBANK1   0C20
__pintentry                intentry     0004
__pmaintext                maintext     002C
__pstrings                 strings      0800
__ptext1                   text1        0D48
__ptext10                  text10       0EB5
__ptext11                  text11       0BBF
__ptext12                  text12       0DED
__ptext13                  text13       0B49
__ptext14                  text14       0B40
__ptext15                  text15       0B37
__ptext16                  text16       0C96
__ptext17                  text17       0B5F
__ptext18                  text18       0C3E
__ptext19                  text19       0B7F
__ptext2                   text2        0D00
__ptext20                  text20       0D92
__ptext21                  text21       0F1D
__ptext22                  text22       0B53
__ptext23                  text23       0B2B
__ptext24                  text24       0C69
__ptext25                  text25       0C03
__ptext26                  text26       0BA9
__ptext3                   text3        0BD5
__ptext4                   text4        0E51
__ptext5                   text5        075D
__ptext6                   text6        0B94
__ptext7                   text7        0F86
__ptext8                   text8        0BEB
__ptext9                   text9        0CC6
__size_of_ADC_Int          (abs)        0000
__size_of_I2C_Master_Init  (abs)        0000
__size_of_I2C_Master_Read  (abs)        0000
__size_of_I2C_Master_Start (abs)        0000
__size_of_I2C_Master_Stop  (abs)        0000
__size_of_I2C_Master_Wait  (abs)        0000
__size_of_I2C_Master_Write (abs)        0000
__size_of_LCD_Cadena       (abs)        0000
__size_of_LCD_Data         (abs)        0000
__size_of_LCD_Init         (abs)        0000
__size_of_LCD_XY           (abs)        0000
__size_of_LCD_comando      (abs)        0000
__size_of_USART_Int        (abs)        0000
__size_of_USART_Rx         (abs)        0000
__size_of_USART_Tx         (abs)        0000
__size_of___awdiv          (abs)        0000
__size_of___awmod          (abs)        0000
__size_of___bmul           (abs)        0000
__size_of___lldiv          (abs)        0000
__size_of___wmul           (abs)        0000
__size_of_canal            (abs)        0000
__size_of_isr              (abs)        0000
__size_of_main             (abs)        0000
__size_of_read_rtc         (abs)        0000
__size_of_setup            (abs)        0000
__size_of_valores          (abs)        0000
__size_of_valores2         (abs)        0000
__stringbase               strings      080F
__stringtab                strings      0800
_calendario                dataBANK1    00A0
_canal                     text5        075D
_cen1                      bssBANK0     003F
_cen2                      bssBANK0     003B
_cont                      bssBANK0     0040
_dec1                      bssBANK0     003E
_dec2                      bssBANK0     003A
_decmil1                   bssCOMMON    007A
_decmil2                   bssCOMMON    0078
_dia                       bssBANK0     002E
_foto1                     bssBANK0     0044
_foto2                     bssBANK0     0043
_fotoresistencia1          bssBANK0     0024
_fotoresistencia2          bssBANK0     0020
_hora                      bssBANK0     002C
_isr                       text26       0BA9
_listo                     bssBANK0     0036
_main                      maintext     002C
_mes                       bssBANK0     0028
_mil1                      bssCOMMON    0079
_mil2                      bssBANK0     003C
_min                       bssBANK0     0030
_read_rtc                  text12       0DED
_seg                       bssBANK0     0032
_setup                     text4        0E51
_time                      dataBANK1    00B0
_uni1                      bssBANK0     003D
_uni2                      bssBANK0     0039
_valores                   text2        0D00
_valores2                  text1        0D48
_year                      bssBANK0     002A
btemp                      (abs)        007E
canal@c                    cstackCOMMON 0075
clear_ram0                 clrtext      0B2F
end_of_initialization      cinit        0028
init_fetch0                inittext     0B6C
init_ram0                  inittext     0B70
interrupt_function         intentry     0004
intlevel0                  functab      0000
intlevel1                  functab      0000
intlevel2                  functab      0000
intlevel3                  functab      0000
intlevel4                  functab      0000
intlevel5                  functab      0000
read_rtc@address           cstackBANK0  0047
read_rtc@data              cstackBANK0  004C
reset_vec                  reset_vec    0000
saved_w                    (abs)        007E
start                      init         000C
start_initialization       cinit        000F
valores2@centenas          cstackBANK0  0046
valores2@decenas           cstackBANK0  0047
valores2@decenasdemiles    cstackBANK0  0049
valores2@miles             cstackBANK0  0045
valores2@unidades          cstackBANK0  0048
valores@centenas           cstackBANK0  0046
valores@decenas            cstackBANK0  0047
valores@decenasdemiles     cstackBANK0  0049
valores@miles              cstackBANK0  0045
valores@unidades           cstackBANK0  0048
wtemp0                     (abs)        007E


FUNCTION INFORMATION:

 *************** function _main *****************
 Defined at:
		line 63 in file "MAIN.c"
 Parameters:    Size  Location     Type
		None
 Auto vars:     Size  Location     Type
		None
 Return value:  Size  Location     Type
                  1    wreg      void 
 Registers used:
		wreg, fsr0l, fsr0h, status,2, status,0, btemp+1, pclath, cstack
 Tracked objects:
		On entry : 
		On exit  : 
		Unchanged: 
 Data sizes:     COMMON   BANK0   BANK1   BANK3   BANK2
      Params:         0       0       0       0       0
      Locals:         0       0       0       0       0
      Temps:          0      16       0       0       0
      Totals:         0      16       0       0       0
Total ram usage:       16 bytes
 Hardware stack levels required when called:    4
 This function calls:
		_LCD_Cadena
		_LCD_XY
		_USART_Rx
		_USART_Tx
		___awdiv
		___awmod
		___bmul
		___wmul
		_read_rtc
		_setup
		_valores
		_valores2
 This function is called by:
		Startup code after reset
 This function uses a non-reentrant model


 *************** function _valores2 *****************
 Defined at:
		line 294 in file "MAIN.c"
 Parameters:    Size  Location     Type
  decenasdemil    1    wreg     unsigned char 
  miles           1    0[BANK0 ] unsigned char 
  centenas        1    1[BANK0 ] unsigned char 
  decenas         1    2[BANK0 ] unsigned char 
  unidades        1    3[BANK0 ] unsigned char 
 Auto vars:     Size  Location     Type
  decenasdemil    1    4[BANK0 ] unsigned char 
 Return value:  Size  Location     Type
                  1    wreg      void 
 Registers used:
		wreg, status,2, status,0, pclath, cstack
 Tracked objects:
		On entry : 
		On exit  : 
		Unchanged: 
 Data sizes:     COMMON   BANK0   BANK1   BANK3   BANK2
      Params:         0       4       0       0       0
      Locals:         0       1       0       0       0
      Temps:          1       0       0       0       0
      Totals:         1       5       0       0       0
Total ram usage:        6 bytes
 Hardware stack levels used:    1
 Hardware stack levels required when called:    3
 This function calls:
		_LCD_Data
		_LCD_XY
 This function is called by:
		_main
 This function uses a non-reentrant model


 *************** function _valores *****************
 Defined at:
		line 277 in file "MAIN.c"
 Parameters:    Size  Location     Type
  decenasdemil    1    wreg     unsigned char 
  miles           1    0[BANK0 ] unsigned char 
  centenas        1    1[BANK0 ] unsigned char 
  decenas         1    2[BANK0 ] unsigned char 
  unidades        1    3[BANK0 ] unsigned char 
 Auto vars:     Size  Location     Type
  decenasdemil    1    4[BANK0 ] unsigned char 
 Return value:  Size  Location     Type
                  1    wreg      void 
 Registers used:
		wreg, status,2, status,0, pclath, cstack
 Tracked objects:
		On entry : 
		On exit  : 
		Unchanged: 
 Data sizes:     COMMON   BANK0   BANK1   BANK3   BANK2
      Params:         0       4       0       0       0
      Locals:         0       1       0       0       0
      Temps:          1       0       0       0       0
      Totals:         1       5       0       0       0
Total ram usage:        6 bytes
 Hardware stack levels used:    1
 Hardware stack levels required when called:    3
 This function calls:
		_LCD_Data
		_LCD_XY
 This function is called by:
		_main
 This function uses a non-reentrant model


 *************** function _LCD_XY *****************
 Defined at:
		line 59 in file "LCD.c"
 Parameters:    Size  Location     Type
  x               1    wreg     unsigned char 
  y               1    5[COMMON] unsigned char 
 Auto vars:     Size  Location     Type
  x               1    6[COMMON] unsigned char 
 Return value:  Size  Location     Type
                  1    wreg      void 
 Registers used:
		wreg, status,2, status,0, pclath, cstack
 Tracked objects:
		On entry : 
		On exit  : 
		Unchanged: 
 Data sizes:     COMMON   BANK0   BANK1   BANK3   BANK2
      Params:         1       0       0       0       0
      Locals:         1       0       0       0       0
      Temps:          0       0       0       0       0
      Totals:         2       0       0       0       0
Total ram usage:        2 bytes
 Hardware stack levels used:    1
 Hardware stack levels required when called:    2
 This function calls:
		_LCD_comando
 This function is called by:
		_main
		_valores
		_valores2
 This function uses a non-reentrant model


 *************** function _setup *****************
 Defined at:
		line 192 in file "MAIN.c"
 Parameters:    Size  Location     Type
		None
 Auto vars:     Size  Location     Type
		None
 Return value:  Size  Location     Type
                  1    wreg      void 
 Registers used:
		wreg, fsr0l, fsr0h, status,2, status,0, pclath, cstack
 Tracked objects:
		On entry : 
		On exit  : 
		Unchanged: 
 Data sizes:     COMMON   BANK0   BANK1   BANK3   BANK2
      Params:         0       0       0       0       0
      Locals:         0       0       0       0       0
      Temps:          0       0       0       0       0
      Totals:         0       0       0       0       0
Total ram usage:        0 bytes
 Hardware stack levels used:    1
 Hardware stack levels required when called:    3
 This function calls:
		_ADC_Int
		_I2C_Master_Init
		_LCD_Init
		_USART_Int
		_canal
 This function is called by:
		_main
 This function uses a non-reentrant model


 *************** function _canal *****************
 Defined at:
		line 32 in file "ADC.c"
 Parameters:    Size  Location     Type
  c               1    wreg     unsigned char 
 Auto vars:     Size  Location     Type
  c               1    5[COMMON] unsigned char 
 Return value:  Size  Location     Type
                  1    wreg      void 
 Registers used:
		wreg, fsr0l, fsr0h, status,2, status,0
 Tracked objects:
		On entry : 
		On exit  : 
		Unchanged: 
 Data sizes:     COMMON   BANK0   BANK1   BANK3   BANK2
      Params:         0       0       0       0       0
      Locals:         1       0       0       0       0
      Temps:          2       0       0       0       0
      Totals:         3       0       0       0       0
Total ram usage:        3 bytes
 Hardware stack levels used:    1
 Hardware stack levels required when called:    1
 This function calls:
		Nothing
 This function is called by:
		_setup
 This function uses a non-reentrant model


 *************** function _USART_Int *****************
 Defined at:
		line 11 in file "USART.c"
 Parameters:    Size  Location     Type
		None
 Auto vars:     Size  Location     Type
		None
 Return value:  Size  Location     Type
                  1    wreg      void 
 Registers used:
		wreg, status,2
 Tracked objects:
		On entry : 
		On exit  : 
		Unchanged: 
 Data sizes:     COMMON   BANK0   BANK1   BANK3   BANK2
      Params:         0       0       0       0       0
      Locals:         0       0       0       0       0
      Temps:          0       0       0       0       0
      Totals:         0       0       0       0       0
Total ram usage:        0 bytes
 Hardware stack levels used:    1
 Hardware stack levels required when called:    1
 This function calls:
		Nothing
 This function is called by:
		_setup
 This function uses a non-reentrant model


 *************** function _LCD_Init *****************
 Defined at:
		line 14 in file "LCD.c"
 Parameters:    Size  Location     Type
		None
 Auto vars:     Size  Location     Type
		None
 Return value:  Size  Location     Type
                  1    wreg      void 
 Registers used:
		wreg, status,2, status,0, pclath, cstack
 Tracked objects:
		On entry : 
		On exit  : 
		Unchanged: 
 Data sizes:     COMMON   BANK0   BANK1   BANK3   BANK2
      Params:         0       0       0       0       0
      Locals:         0       0       0       0       0
      Temps:          2       0       0       0       0
      Totals:         2       0       0       0       0
Total ram usage:        2 bytes
 Hardware stack levels used:    1
 Hardware stack levels required when called:    2
 This function calls:
		_LCD_comando
 This function is called by:
		_setup
 This function uses a non-reentrant model


 *************** function _LCD_comando *****************
 Defined at:
		line 47 in file "LCD.c"
 Parameters:    Size  Location     Type
  dato            1    wreg     unsigned char 
 Auto vars:     Size  Location     Type
  dato            1    4[COMMON] unsigned char 
 Return value:  Size  Location     Type
                  1    wreg      void 
 Registers used:
		wreg
 Tracked objects:
		On entry : 
		On exit  : 
		Unchanged: 
 Data sizes:     COMMON   BANK0   BANK1   BANK3   BANK2
      Params:         0       0       0       0       0
      Locals:         1       0       0       0       0
      Temps:          1       0       0       0       0
      Totals:         2       0       0       0       0
Total ram usage:        2 bytes
 Hardware stack levels used:    1
 Hardware stack levels required when called:    1
 This function calls:
		Nothing
 This function is called by:
		_LCD_Init
		_LCD_XY
 This function uses a non-reentrant model


 *************** function _I2C_Master_Init *****************
 Defined at:
		line 14 in file "I2C.c"
 Parameters:    Size  Location     Type
  c               4   13[BANK0 ] const unsigned long 
 Auto vars:     Size  Location     Type
		None
 Return value:  Size  Location     Type
                  1    wreg      void 
 Registers used:
		wreg, status,2, status,0, pclath, cstack
 Tracked objects:
		On entry : 
		On exit  : 
		Unchanged: 
 Data sizes:     COMMON   BANK0   BANK1   BANK3   BANK2
      Params:         0       4       0       0       0
      Locals:         0       0       0       0       0
      Temps:          4       0       0       0       0
      Totals:         4       4       0       0       0
Total ram usage:        8 bytes
 Hardware stack levels used:    1
 Hardware stack levels required when called:    2
 This function calls:
		___lldiv
 This function is called by:
		_setup
 This function uses a non-reentrant model


 *************** function ___lldiv *****************
 Defined at:
		line 5 in file "C:\Program Files\Microchip\xc8\v2.31\pic\sources\c90\common\__lldiv.c"
 Parameters:    Size  Location     Type
  divisor         4    0[BANK0 ] unsigned long 
  dividend        4    4[BANK0 ] unsigned long 
 Auto vars:     Size  Location     Type
  quotient        4    8[BANK0 ] unsigned long 
  counter         1   12[BANK0 ] unsigned char 
 Return value:  Size  Location     Type
                  4    0[BANK0 ] unsigned long 
 Registers used:
		wreg, status,2, status,0
 Tracked objects:
		On entry : 
		On exit  : 
		Unchanged: 
 Data sizes:     COMMON   BANK0   BANK1   BANK3   BANK2
      Params:         0       8       0       0       0
      Locals:         0       5       0       0       0
      Temps:          1       0       0       0       0
      Totals:         1      13       0       0       0
Total ram usage:       14 bytes
 Hardware stack levels used:    1
 Hardware stack levels required when called:    1
 This function calls:
		Nothing
 This function is called by:
		_I2C_Master_Init
 This function uses a non-reentrant model


 *************** function _ADC_Int *****************
 Defined at:
		line 12 in file "ADC.c"
 Parameters:    Size  Location     Type
		None
 Auto vars:     Size  Location     Type
		None
 Return value:  Size  Location     Type
                  1    wreg      void 
 Registers used:
		wreg
 Tracked objects:
		On entry : 
		On exit  : 
		Unchanged: 
 Data sizes:     COMMON   BANK0   BANK1   BANK3   BANK2
      Params:         0       0       0       0       0
      Locals:         0       0       0       0       0
      Temps:          1       0       0       0       0
      Totals:         1       0       0       0       0
Total ram usage:        1 bytes
 Hardware stack levels used:    1
 Hardware stack levels required when called:    1
 This function calls:
		Nothing
 This function is called by:
		_setup
 This function uses a non-reentrant model


 *************** function _read_rtc *****************
 Defined at:
		line 259 in file "MAIN.c"
 Parameters:    Size  Location     Type
  address         2    2[BANK0 ] unsigned short 
 Auto vars:     Size  Location     Type
  data            2    7[BANK0 ] unsigned short 
 Return value:  Size  Location     Type
                  2    2[BANK0 ] unsigned short 
 Registers used:
		wreg, status,2, status,0, pclath, cstack
 Tracked objects:
		On entry : 
		On exit  : 
		Unchanged: 
 Data sizes:     COMMON   BANK0   BANK1   BANK3   BANK2
      Params:         0       2       0       0       0
      Locals:         0       2       0       0       0
      Temps:          0       3       0       0       0
      Totals:         0       7       0       0       0
Total ram usage:        7 bytes
 Hardware stack levels used:    1
 Hardware stack levels required when called:    3
 This function calls:
		_I2C_Master_Read
		_I2C_Master_Start
		_I2C_Master_Stop
		_I2C_Master_Write
 This function is called by:
		_main
 This function uses a non-reentrant model


 *************** function _I2C_Master_Write *****************
 Defined at:
		line 63 in file "I2C.c"
 Parameters:    Size  Location     Type
  d               2    3[COMMON] unsigned int 
 Auto vars:     Size  Location     Type
		None
 Return value:  Size  Location     Type
                  1    wreg      void 
 Registers used:
		wreg, status,2, status,0, pclath, cstack
 Tracked objects:
		On entry : 
		On exit  : 
		Unchanged: 
 Data sizes:     COMMON   BANK0   BANK1   BANK3   BANK2
      Params:         2       0       0       0       0
      Locals:         0       0       0       0       0
      Temps:          0       0       0       0       0
      Totals:         2       0       0       0       0
Total ram usage:        2 bytes
 Hardware stack levels used:    1
 Hardware stack levels required when called:    2
 This function calls:
		_I2C_Master_Wait
 This function is called by:
		_read_rtc
 This function uses a non-reentrant model


 *************** function _I2C_Master_Stop *****************
 Defined at:
		line 53 in file "I2C.c"
 Parameters:    Size  Location     Type
		None
 Auto vars:     Size  Location     Type
		None
 Return value:  Size  Location     Type
                  1    wreg      void 
 Registers used:
		wreg, status,2, status,0, pclath, cstack
 Tracked objects:
		On entry : 
		On exit  : 
		Unchanged: 
 Data sizes:     COMMON   BANK0   BANK1   BANK3   BANK2
      Params:         0       0       0       0       0
      Locals:         0       0       0       0       0
      Temps:          0       0       0       0       0
      Totals:         0       0       0       0       0
Total ram usage:        0 bytes
 Hardware stack levels used:    1
 Hardware stack levels required when called:    2
 This function calls:
		_I2C_Master_Wait
 This function is called by:
		_read_rtc
 This function uses a non-reentrant model


 *************** function _I2C_Master_Start *****************
 Defined at:
		line 37 in file "I2C.c"
 Parameters:    Size  Location     Type
		None
 Auto vars:     Size  Location     Type
		None
 Return value:  Size  Location     Type
                  1    wreg      void 
 Registers used:
		wreg, status,2, status,0, pclath, cstack
 Tracked objects:
		On entry : 
		On exit  : 
		Unchanged: 
 Data sizes:     COMMON   BANK0   BANK1   BANK3   BANK2
      Params:         0       0       0       0       0
      Locals:         0       0       0       0       0
      Temps:          0       0       0       0       0
      Totals:         0       0       0       0       0
Total ram usage:        0 bytes
 Hardware stack levels used:    1
 Hardware stack levels required when called:    2
 This function calls:
		_I2C_Master_Wait
 This function is called by:
		_read_rtc
 This function uses a non-reentrant model


 *************** function _I2C_Master_Read *****************
 Defined at:
		line 72 in file "I2C.c"
 Parameters:    Size  Location     Type
  a               2    3[COMMON] unsigned short 
 Auto vars:     Size  Location     Type
  temp            2    0[BANK0 ] unsigned short 
 Return value:  Size  Location     Type
                  2    3[COMMON] unsigned short 
 Registers used:
		wreg, status,2, status,0, pclath, cstack
 Tracked objects:
		On entry : 
		On exit  : 
		Unchanged: 
 Data sizes:     COMMON   BANK0   BANK1   BANK3   BANK2
      Params:         2       0       0       0       0
      Locals:         0       2       0       0       0
      Temps:          2       0       0       0       0
      Totals:         4       2       0       0       0
Total ram usage:        6 bytes
 Hardware stack levels used:    1
 Hardware stack levels required when called:    2
 This function calls:
		_I2C_Master_Wait
 This function is called by:
		_read_rtc
 This function uses a non-reentrant model


 *************** function _I2C_Master_Wait *****************
 Defined at:
		line 30 in file "I2C.c"
 Parameters:    Size  Location     Type
		None
 Auto vars:     Size  Location     Type
		None
 Return value:  Size  Location     Type
                  1    wreg      void 
 Registers used:
		wreg, status,2
 Tracked objects:
		On entry : 
		On exit  : 
		Unchanged: 
 Data sizes:     COMMON   BANK0   BANK1   BANK3   BANK2
      Params:         0       0       0       0       0
      Locals:         0       0       0       0       0
      Temps:          0       0       0       0       0
      Totals:         0       0       0       0       0
Total ram usage:        0 bytes
 Hardware stack levels used:    1
 Hardware stack levels required when called:    1
 This function calls:
		Nothing
 This function is called by:
		_I2C_Master_Start
		_I2C_Master_Stop
		_I2C_Master_Write
		_I2C_Master_Read
		_I2C_Master_RepeatedStart
 This function uses a non-reentrant model


 *************** function ___wmul *****************
 Defined at:
		line 15 in file "C:\Program Files\Microchip\xc8\v2.31\pic\sources\c90\common\Umul16.c"
 Parameters:    Size  Location     Type
  multiplier      2    3[COMMON] unsigned int 
  multiplicand    2    5[COMMON] unsigned int 
 Auto vars:     Size  Location     Type
  product         2    0[BANK0 ] unsigned int 
 Return value:  Size  Location     Type
                  2    3[COMMON] unsigned int 
 Registers used:
		wreg, status,2, status,0
 Tracked objects:
		On entry : 
		On exit  : 
		Unchanged: 
 Data sizes:     COMMON   BANK0   BANK1   BANK3   BANK2
      Params:         4       0       0       0       0
      Locals:         0       2       0       0       0
      Temps:          0       0       0       0       0
      Totals:         4       2       0       0       0
Total ram usage:        6 bytes
 Hardware stack levels used:    1
 Hardware stack levels required when called:    1
 This function calls:
		Nothing
 This function is called by:
		_main
 This function uses a non-reentrant model


 *************** function ___bmul *****************
 Defined at:
		line 4 in file "C:\Program Files\Microchip\xc8\v2.31\pic\sources\c90\common\Umul8.c"
 Parameters:    Size  Location     Type
  multiplier      1    wreg     unsigned char 
  multiplicand    1    3[COMMON] unsigned char 
 Auto vars:     Size  Location     Type
  multiplier      1    6[COMMON] unsigned char 
  product         1    5[COMMON] unsigned char 
 Return value:  Size  Location     Type
                  1    wreg      unsigned char 
 Registers used:
		wreg, status,2, status,0
 Tracked objects:
		On entry : 
		On exit  : 
		Unchanged: 
 Data sizes:     COMMON   BANK0   BANK1   BANK3   BANK2
      Params:         1       0       0       0       0
      Locals:         2       0       0       0       0
      Temps:          1       0       0       0       0
      Totals:         4       0       0       0       0
Total ram usage:        4 bytes
 Hardware stack levels used:    1
 Hardware stack levels required when called:    1
 This function calls:
		Nothing
 This function is called by:
		_main
 This function uses a non-reentrant model


 *************** function ___awmod *****************
 Defined at:
		line 5 in file "C:\Program Files\Microchip\xc8\v2.31\pic\sources\c90\common\awmod.c"
 Parameters:    Size  Location     Type
  divisor         2    3[COMMON] int 
  dividend        2    5[COMMON] int 
 Auto vars:     Size  Location     Type
  sign            1    1[BANK0 ] unsigned char 
  counter         1    0[BANK0 ] unsigned char 
 Return value:  Size  Location     Type
                  2    3[COMMON] int 
 Registers used:
		wreg, status,2, status,0
 Tracked objects:
		On entry : 
		On exit  : 
		Unchanged: 
 Data sizes:     COMMON   BANK0   BANK1   BANK3   BANK2
      Params:         4       0       0       0       0
      Locals:         0       2       0       0       0
      Temps:          1       0       0       0       0
      Totals:         5       2       0       0       0
Total ram usage:        7 bytes
 Hardware stack levels used:    1
 Hardware stack levels required when called:    1
 This function calls:
		Nothing
 This function is called by:
		_main
 This function uses a non-reentrant model


 *************** function ___awdiv *****************
 Defined at:
		line 5 in file "C:\Program Files\Microchip\xc8\v2.31\pic\sources\c90\common\awdiv.c"
 Parameters:    Size  Location     Type
  divisor         2    2[BANK0 ] int 
  dividend        2    4[BANK0 ] int 
 Auto vars:     Size  Location     Type
  quotient        2    8[BANK0 ] int 
  sign            1    7[BANK0 ] unsigned char 
  counter         1    6[BANK0 ] unsigned char 
 Return value:  Size  Location     Type
                  2    2[BANK0 ] int 
 Registers used:
		wreg, status,2, status,0
 Tracked objects:
		On entry : 
		On exit  : 
		Unchanged: 
 Data sizes:     COMMON   BANK0   BANK1   BANK3   BANK2
      Params:         0       4       0       0       0
      Locals:         0       4       0       0       0
      Temps:          1       0       0       0       0
      Totals:         1       8       0       0       0
Total ram usage:        9 bytes
 Hardware stack levels used:    1
 Hardware stack levels required when called:    1
 This function calls:
		Nothing
 This function is called by:
		_main
 This function uses a non-reentrant model


 *************** function _USART_Tx *****************
 Defined at:
		line 27 in file "USART.c"
 Parameters:    Size  Location     Type
  data            1    wreg     unsigned char 
 Auto vars:     Size  Location     Type
  data            1    3[COMMON] unsigned char 
 Return value:  Size  Location     Type
                  1    wreg      void 
 Registers used:
		wreg
 Tracked objects:
		On entry : 
		On exit  : 
		Unchanged: 
 Data sizes:     COMMON   BANK0   BANK1   BANK3   BANK2
      Params:         0       0       0       0       0
      Locals:         1       0       0       0       0
      Temps:          0       0       0       0       0
      Totals:         1       0       0       0       0
Total ram usage:        1 bytes
 Hardware stack levels used:    1
 Hardware stack levels required when called:    1
 This function calls:
		Nothing
 This function is called by:
		_main
		_USART_string
 This function uses a non-reentrant model


 *************** function _USART_Rx *****************
 Defined at:
		line 32 in file "USART.c"
 Parameters:    Size  Location     Type
		None
 Auto vars:     Size  Location     Type
		None
 Return value:  Size  Location     Type
                  1    wreg      unsigned char 
 Registers used:
		wreg
 Tracked objects:
		On entry : 
		On exit  : 
		Unchanged: 
 Data sizes:     COMMON   BANK0   BANK1   BANK3   BANK2
      Params:         0       0       0       0       0
      Locals:         0       0       0       0       0
      Temps:          0       0       0       0       0
      Totals:         0       0       0       0       0
Total ram usage:        0 bytes
 Hardware stack levels used:    1
 Hardware stack levels required when called:    1
 This function calls:
		Nothing
 This function is called by:
		_main
 This function uses a non-reentrant model


 *************** function _LCD_Cadena *****************
 Defined at:
		line 68 in file "LCD.c"
 Parameters:    Size  Location     Type
  dato            2    5[COMMON] PTR const unsigned char 
		 -> STR_3(12), STR_2(12), STR_1(16), calendario(16), 
		 -> time(14), 
 Auto vars:     Size  Location     Type
		None
 Return value:  Size  Location     Type
                  1    wreg      void 
 Registers used:
		wreg, fsr0l, fsr0h, status,2, status,0, btemp+1, pclath, cstack
 Tracked objects:
		On entry : 
		On exit  : 
		Unchanged: 
 Data sizes:     COMMON   BANK0   BANK1   BANK3   BANK2
      Params:         2       0       0       0       0
      Locals:         0       0       0       0       0
      Temps:          1       0       0       0       0
      Totals:         3       0       0       0       0
Total ram usage:        3 bytes
 Hardware stack levels used:    1
 Hardware stack levels required when called:    2
 This function calls:
		_LCD_Data
 This function is called by:
		_main
 This function uses a non-reentrant model


 *************** function _LCD_Data *****************
 Defined at:
		line 76 in file "LCD.c"
 Parameters:    Size  Location     Type
  data            1    wreg     unsigned char 
 Auto vars:     Size  Location     Type
  data            1    4[COMMON] unsigned char 
 Return value:  Size  Location     Type
                  1    wreg      void 
 Registers used:
		wreg
 Tracked objects:
		On entry : 
		On exit  : 
		Unchanged: 
 Data sizes:     COMMON   BANK0   BANK1   BANK3   BANK2
      Params:         0       0       0       0       0
      Locals:         1       0       0       0       0
      Temps:          1       0       0       0       0
      Totals:         2       0       0       0       0
Total ram usage:        2 bytes
 Hardware stack levels used:    1
 Hardware stack levels required when called:    1
 This function calls:
		Nothing
 This function is called by:
		_valores
		_valores2
		_LCD_Cadena
 This function uses a non-reentrant model


 *************** function _isr *****************
 Defined at:
		line 53 in file "MAIN.c"
 Parameters:    Size  Location     Type
		None
 Auto vars:     Size  Location     Type
		None
 Return value:  Size  Location     Type
                  1    wreg      void 
 Registers used:
		wreg, status,2, status,0
 Tracked objects:
		On entry : 
		On exit  : 
		Unchanged: 
 Data sizes:     COMMON   BANK0   BANK1   BANK3   BANK2
      Params:         0       0       0       0       0
      Locals:         0       0       0       0       0
      Temps:          3       0       0       0       0
      Totals:         3       0       0       0       0
Total ram usage:        3 bytes
 Hardware stack levels used:    1
 This function calls:
		Nothing
 This function is called by:
		Interrupt level 1
 This function uses a non-reentrant model



MODULE INFORMATION

Module		Function		Class		Link	Load	Size
USART.c
		_USART_Rx      		CODE           	0B2B	0000	4
		_USART_Tx      		CODE           	0B53	0000	12
		_USART_Int     		CODE           	0B94	0000	21

USART.c estimated size: 37

C:\Program Files\Microchip\xc8\v2.31\pic\sources\c90\common\__lldiv.c
		___lldiv       		CODE           	0EB5	0000	104

C:\Program Files\Microchip\xc8\v2.31\pic\sources\c90\common\__lldiv.c estimated size: 104

C:\Program Files\Microchip\xc8\v2.31\pic\sources\c90\common\awmod.c
		___awmod       		CODE           	0D92	0000	91

C:\Program Files\Microchip\xc8\v2.31\pic\sources\c90\common\awmod.c estimated size: 91

C:\Program Files\Microchip\xc8\v2.31\pic\sources\c90\common\Umul16.c
		___wmul        		CODE           	0C3E	0000	43

C:\Program Files\Microchip\xc8\v2.31\pic\sources\c90\common\Umul16.c estimated size: 43

I2C.c
		_I2C_Master_Read		CODE           	0C96	0000	48
		_I2C_Master_Wait		CODE           	0B5F	0000	13
		_I2C_Master_Init		CODE           	0CC6	0000	58
		_I2C_Master_Stop		CODE           	0B40	0000	9
		_I2C_Master_Write		CODE           	0B49	0000	10
		_I2C_Master_Start		CODE           	0B37	0000	9

I2C.c estimated size: 147

C:\Program Files\Microchip\xc8\v2.31\pic\sources\c90\common\awdiv.c
		___awdiv       		CODE           	0F1D	0000	105

C:\Program Files\Microchip\xc8\v2.31\pic\sources\c90\common\awdiv.c estimated size: 105

shared
		__stringtab    		STRING         	0800	0000	16
		__initialization		CODE           	000F	0000	25

shared estimated size: 41

ADC.c
		_ADC_Int       		CODE           	0BBF	0000	22
		_canal         		CODE           	075D	0000	160

ADC.c estimated size: 182

C:\Program Files\Microchip\xc8\v2.31\pic\sources\c90\common\Umul8.c
		___bmul        		CODE           	0B7F	0000	21

C:\Program Files\Microchip\xc8\v2.31\pic\sources\c90\common\Umul8.c estimated size: 21

MAIN.c
		_valores       		CODE           	0D00	0000	72
		_valores2      		CODE           	0D48	0000	74
		_main          		CODE           	002C	0000	1841
		_isr           		CODE           	0BA9	0000	22
		_read_rtc      		CODE           	0DED	0000	100
		_setup         		CODE           	0E51	0000	100

MAIN.c estimated size: 2209

LCD.c
		_LCD_Init      		CODE           	0F86	0000	122
		_LCD_Cadena    		CODE           	0C69	0000	45
		_LCD_XY        		CODE           	0BD5	0000	22
		_LCD_Data      		CODE           	0C03	0000	29
		_LCD_comando   		CODE           	0BEB	0000	24

LCD.c estimated size: 242

